// Jest Snapshot v1, https://goo.gl/fbAQLP

exports[`Renders raw text lines with page number listed for multi-page 1`] = `
<div>
  <Box
    display="inline"
    variant="h3"
  >
     
    Detected Raw Text:
     
  </Box>
  <ul
    data-testid="raw-text-data"
  >
    <ExpandableSection
      headerText="Page 1"
    >
      <ol>
        <li
          onClick={[Function]}
          style={
            Object {
              "cursor": "pointer",
            }
          }
        >
          A Simple PDF File
        </li>
      </ol>
    </ExpandableSection>
    <ExpandableSection
      headerText="Page 2"
    >
      <ol>
        <li
          onClick={[Function]}
          style={
            Object {
              "cursor": "pointer",
            }
          }
        >
          This is a small demonstration .pdf file -
        </li>
      </ol>
    </ExpandableSection>
  </ul>
  <footer />
</div>
`;

exports[`Renders without lines 1`] = `
<p
  data-testid="raw-text-nodata"
>
  No Raw Text detected
</p>
`;
