// Jest Snapshot v1, https://goo.gl/fbAQLP

exports[`Snapshot test 1`] = `
<div>
  <AppLayout
    content={
      <ContentLayout
        data-testid="doc-upload-view-contentlayout"
        header={
          <SpaceBetween
            size="m"
          >
            <Header
              variant="h1"
            >
              Upload Documents
            </Header>
          </SpaceBetween>
        }
      >
        <form
          onSubmit={[Function]}
        >
          <Form
            actions={
              <SpaceBetween
                direction="horizontal"
                size="xs"
              >
                <span>
                      
                </span>
                <Button
                  data-testid="upload-documents-button"
                  disabled={true}
                  onClick={[Function]}
                  variant="primary"
                >
                  Upload Documents
                </Button>
                <Button
                  onClick={[Function]}
                  variant="link"
                >
                  Done
                </Button>
              </SpaceBetween>
            }
            errorIconAriaLabel="Error"
          >
            <Container>
              <SpaceBetween
                direction="vertical"
                size="l"
              >
                <FormField
                  data-testid="case-name-field"
                  i18nStrings={
                    Object {
                      "errorIconAriaLabel": "Error",
                    }
                  }
                  label="Case name"
                >
                  <Select
                    data-testid="upload-doc-case-select"
                    filteringType="auto"
                    onChange={[Function]}
                    options={
                      Array [
                        Object {
                          "description": "Case Id: undefined",
                          "disabled": true,
                          "label": "example-case1",
                          "value": "undefined",
                        },
                      ]
                    }
                    selectedAriaLabel="Selected"
                    selectedOption={
                      Object {
                        "label": "example-case1",
                        "value": undefined,
                      }
                    }
                  />
                </FormField>
                <ForwardRef(FileUploadComponent)
                  accept=".png,.pdf,.jpg,.jpeg"
                  data-testid="file-upload-field"
                  description="Please choose the files you wish to upload to the selected case"
                  disabled={true}
                  documentTypeList={Array []}
                  errorText=""
                  fileMetadata={
                    Object {
                      "lastModified": true,
                      "name": true,
                      "size": "MB",
                      "thumbnail": true,
                      "type": true,
                    }
                  }
                  label="Files to upload"
                  multiple={true}
                  onChange={[Function]}
                  setDocumentTypeList={[Function]}
                  value={Array []}
                  workflowConfig={
                    Object {
                      "NumRequiredDocuments": 1,
                      "UniqueDocumentTypes": Array [
                        "generic",
                      ],
                      "WorkflowConfigName": "default",
                    }
                  }
                />
              </SpaceBetween>
            </Container>
          </Form>
        </form>
      </ContentLayout>
    }
    contentType="form"
    date-testid="doc-upload-view-applayout"
    headerSelector="#header"
    navigationHide={true}
    toolsHide={true}
  />
</div>
`;
